// Jest Snapshot v1, https://goo.gl/fbAQLP

exports[`renders App without crashing 1`] = `
<div
  className="sc-bxivhb dkntGu"
>
  <div
    className="sc-ifAKCX ffXpLR"
  >
    <div
      className="card-inner"
    >
      <div
        className="front"
      >
        <div
          className="sc-bdVaJa kxiiak"
        >
          <h1>
            Evan Bradley
          </h1>
          <p>
            Climate Change Analyst
          </p>
        </div>
        <div
          className="divider"
        />
        <div
          className="contact"
        >
          <div
            className="sc-bwzfXH bwoXnz"
          >
            <div>
              <i
                class="material-icons"
              >
                phone
              </i>
              <p>
                <b>
                  +477 3086 7958
                </b>
              </p>
            </div>
          </div>
          <div
            className="sc-bwzfXH bwoXnz"
          >
            <div>
              <i
                class="material-icons"
              >
                room
              </i>
              <p>
                <b>
                  72 Boar Lane, GL53 4TY
                </b>
              </p>
            </div>
          </div>
          <div
            className="sc-bwzfXH bwoXnz"
          >
            <div>
              <i
                class="material-icons"
              >
                mail_outline
              </i>
              <p>
                <b>
                  evan.bradley@gmail.com
                </b>
              </p>
            </div>
          </div>
        </div>
      </div>
      <div
        className="back"
      >
        <div
          className="sc-htpNat hOvDPK"
        >
          <img
            alt="logo"
            src="images/logo192.png"
          />
          <h1>
            Company Name
          </h1>
          <p>
            Slogan for company here
          </p>
        </div>
      </div>
    </div>
  </div>
</div>
`;
